Slot 00000: TxnValidate 98d5fbcefe21113b3f0390c1441e075b8a870cc5a8fa2a56dcde1d8247e41715
Slot 00000: SlotAdd Slot 1
Slot 00001: W1bc5f27: InsertionSuccess: New tip is Tip(slot= Slot 1, blockId= BlockId(-3933910562423127441), blockNo= 0). UTxO state was added to the end.
Slot 00001: W3a47782: InsertionSuccess: New tip is Tip(slot= Slot 1, blockId= BlockId(-3933910562423127441), blockNo= 0). UTxO state was added to the end.
Slot 00001: W4e76ce6: InsertionSuccess: New tip is Tip(slot= Slot 1, blockId= BlockId(-3933910562423127441), blockNo= 0). UTxO state was added to the end.
Slot 00001: W5f5a4f5: InsertionSuccess: New tip is Tip(slot= Slot 1, blockId= BlockId(-3933910562423127441), blockNo= 0). UTxO state was added to the end.
Slot 00001: W7ce812d: InsertionSuccess: New tip is Tip(slot= Slot 1, blockId= BlockId(-3933910562423127441), blockNo= 0). UTxO state was added to the end.
Slot 00001: W872cb83: InsertionSuccess: New tip is Tip(slot= Slot 1, blockId= BlockId(-3933910562423127441), blockNo= 0). UTxO state was added to the end.
Slot 00001: Wbdf8dbc: InsertionSuccess: New tip is Tip(slot= Slot 1, blockId= BlockId(-3933910562423127441), blockNo= 0). UTxO state was added to the end.
Slot 00001: Wc19599f: InsertionSuccess: New tip is Tip(slot= Slot 1, blockId= BlockId(-3933910562423127441), blockNo= 0). UTxO state was added to the end.
Slot 00001: Wc30efb7: InsertionSuccess: New tip is Tip(slot= Slot 1, blockId= BlockId(-3933910562423127441), blockNo= 0). UTxO state was added to the end.
Slot 00001: Wd3eddd0: InsertionSuccess: New tip is Tip(slot= Slot 1, blockId= BlockId(-3933910562423127441), blockNo= 0). UTxO state was added to the end.
Slot 00001: W872cb83: TxSubmit: 5d6fa3978c25051c2c97f8b366d9d1e24b35e8fb0a4cfb6ff0584d8f8a949de5
Slot 00001: TxnValidate 5d6fa3978c25051c2c97f8b366d9d1e24b35e8fb0a4cfb6ff0584d8f8a949de5
Slot 00001: SlotAdd Slot 2
Slot 00002: W1bc5f27: InsertionSuccess: New tip is Tip(slot= Slot 2, blockId= BlockId(6853006384970389820), blockNo= 1). UTxO state was added to the end.
Slot 00002: W3a47782: InsertionSuccess: New tip is Tip(slot= Slot 2, blockId= BlockId(6853006384970389820), blockNo= 1). UTxO state was added to the end.
Slot 00002: W4e76ce6: InsertionSuccess: New tip is Tip(slot= Slot 2, blockId= BlockId(6853006384970389820), blockNo= 1). UTxO state was added to the end.
Slot 00002: W5f5a4f5: InsertionSuccess: New tip is Tip(slot= Slot 2, blockId= BlockId(6853006384970389820), blockNo= 1). UTxO state was added to the end.
Slot 00002: W7ce812d: InsertionSuccess: New tip is Tip(slot= Slot 2, blockId= BlockId(6853006384970389820), blockNo= 1). UTxO state was added to the end.
Slot 00002: W872cb83: InsertionSuccess: New tip is Tip(slot= Slot 2, blockId= BlockId(6853006384970389820), blockNo= 1). UTxO state was added to the end.
Slot 00002: Wbdf8dbc: InsertionSuccess: New tip is Tip(slot= Slot 2, blockId= BlockId(6853006384970389820), blockNo= 1). UTxO state was added to the end.
Slot 00002: Wc19599f: InsertionSuccess: New tip is Tip(slot= Slot 2, blockId= BlockId(6853006384970389820), blockNo= 1). UTxO state was added to the end.
Slot 00002: Wc30efb7: InsertionSuccess: New tip is Tip(slot= Slot 2, blockId= BlockId(6853006384970389820), blockNo= 1). UTxO state was added to the end.
Slot 00002: Wd3eddd0: InsertionSuccess: New tip is Tip(slot= Slot 2, blockId= BlockId(6853006384970389820), blockNo= 1). UTxO state was added to the end.
Slot 00002: W7ce812d: TxSubmit: b44117630cc509221135bae5ff8c5f4a7de32a97d8a2d7d3538b101f050d9bd6
Slot 00002: TxnValidate b44117630cc509221135bae5ff8c5f4a7de32a97d8a2d7d3538b101f050d9bd6
Slot 00002: SlotAdd Slot 3
Slot 00003: W1bc5f27: InsertionSuccess: New tip is Tip(slot= Slot 3, blockId= BlockId(-3517634198207669476), blockNo= 2). UTxO state was added to the end.
Slot 00003: W3a47782: InsertionSuccess: New tip is Tip(slot= Slot 3, blockId= BlockId(-3517634198207669476), blockNo= 2). UTxO state was added to the end.
Slot 00003: W4e76ce6: InsertionSuccess: New tip is Tip(slot= Slot 3, blockId= BlockId(-3517634198207669476), blockNo= 2). UTxO state was added to the end.
Slot 00003: W5f5a4f5: InsertionSuccess: New tip is Tip(slot= Slot 3, blockId= BlockId(-3517634198207669476), blockNo= 2). UTxO state was added to the end.
Slot 00003: W7ce812d: InsertionSuccess: New tip is Tip(slot= Slot 3, blockId= BlockId(-3517634198207669476), blockNo= 2). UTxO state was added to the end.
Slot 00003: W872cb83: InsertionSuccess: New tip is Tip(slot= Slot 3, blockId= BlockId(-3517634198207669476), blockNo= 2). UTxO state was added to the end.
Slot 00003: Wbdf8dbc: InsertionSuccess: New tip is Tip(slot= Slot 3, blockId= BlockId(-3517634198207669476), blockNo= 2). UTxO state was added to the end.
Slot 00003: Wc19599f: InsertionSuccess: New tip is Tip(slot= Slot 3, blockId= BlockId(-3517634198207669476), blockNo= 2). UTxO state was added to the end.
Slot 00003: Wc30efb7: InsertionSuccess: New tip is Tip(slot= Slot 3, blockId= BlockId(-3517634198207669476), blockNo= 2). UTxO state was added to the end.
Slot 00003: Wd3eddd0: InsertionSuccess: New tip is Tip(slot= Slot 3, blockId= BlockId(-3517634198207669476), blockNo= 2). UTxO state was added to the end.
Slot 00003: Wc30efb7: TxSubmit: 8138ffde0bb43813010697890ef8eb97794c54fc2507e9100e2e7abe5493c59d
Slot 00003: TxnValidate 8138ffde0bb43813010697890ef8eb97794c54fc2507e9100e2e7abe5493c59d
Slot 00003: SlotAdd Slot 4
Slot 00004: W1bc5f27: InsertionSuccess: New tip is Tip(slot= Slot 4, blockId= BlockId(-3826232886548236697), blockNo= 3). UTxO state was added to the end.
Slot 00004: W3a47782: InsertionSuccess: New tip is Tip(slot= Slot 4, blockId= BlockId(-3826232886548236697), blockNo= 3). UTxO state was added to the end.
Slot 00004: W4e76ce6: InsertionSuccess: New tip is Tip(slot= Slot 4, blockId= BlockId(-3826232886548236697), blockNo= 3). UTxO state was added to the end.
Slot 00004: W5f5a4f5: InsertionSuccess: New tip is Tip(slot= Slot 4, blockId= BlockId(-3826232886548236697), blockNo= 3). UTxO state was added to the end.
Slot 00004: W7ce812d: InsertionSuccess: New tip is Tip(slot= Slot 4, blockId= BlockId(-3826232886548236697), blockNo= 3). UTxO state was added to the end.
Slot 00004: W872cb83: InsertionSuccess: New tip is Tip(slot= Slot 4, blockId= BlockId(-3826232886548236697), blockNo= 3). UTxO state was added to the end.
Slot 00004: Wbdf8dbc: InsertionSuccess: New tip is Tip(slot= Slot 4, blockId= BlockId(-3826232886548236697), blockNo= 3). UTxO state was added to the end.
Slot 00004: Wc19599f: InsertionSuccess: New tip is Tip(slot= Slot 4, blockId= BlockId(-3826232886548236697), blockNo= 3). UTxO state was added to the end.
Slot 00004: Wc30efb7: InsertionSuccess: New tip is Tip(slot= Slot 4, blockId= BlockId(-3826232886548236697), blockNo= 3). UTxO state was added to the end.
Slot 00004: Wd3eddd0: InsertionSuccess: New tip is Tip(slot= Slot 4, blockId= BlockId(-3826232886548236697), blockNo= 3). UTxO state was added to the end.
Slot 00004: W872cb83: TxSubmit: 1b6fd728f71d01049f749920eca60ff8d2deeff1860c1522fa43fd6ddbe9c9ee
Slot 00004: TxnValidate 1b6fd728f71d01049f749920eca60ff8d2deeff1860c1522fa43fd6ddbe9c9ee
Slot 00004: SlotAdd Slot 5
Slot 00005: W1bc5f27: InsertionSuccess: New tip is Tip(slot= Slot 5, blockId= BlockId(6277882896174388489), blockNo= 4). UTxO state was added to the end.
Slot 00005: W3a47782: InsertionSuccess: New tip is Tip(slot= Slot 5, blockId= BlockId(6277882896174388489), blockNo= 4). UTxO state was added to the end.
Slot 00005: W4e76ce6: InsertionSuccess: New tip is Tip(slot= Slot 5, blockId= BlockId(6277882896174388489), blockNo= 4). UTxO state was added to the end.
Slot 00005: W5f5a4f5: InsertionSuccess: New tip is Tip(slot= Slot 5, blockId= BlockId(6277882896174388489), blockNo= 4). UTxO state was added to the end.
Slot 00005: W7ce812d: InsertionSuccess: New tip is Tip(slot= Slot 5, blockId= BlockId(6277882896174388489), blockNo= 4). UTxO state was added to the end.
Slot 00005: W872cb83: InsertionSuccess: New tip is Tip(slot= Slot 5, blockId= BlockId(6277882896174388489), blockNo= 4). UTxO state was added to the end.
Slot 00005: Wbdf8dbc: InsertionSuccess: New tip is Tip(slot= Slot 5, blockId= BlockId(6277882896174388489), blockNo= 4). UTxO state was added to the end.
Slot 00005: Wc19599f: InsertionSuccess: New tip is Tip(slot= Slot 5, blockId= BlockId(6277882896174388489), blockNo= 4). UTxO state was added to the end.
Slot 00005: Wc30efb7: InsertionSuccess: New tip is Tip(slot= Slot 5, blockId= BlockId(6277882896174388489), blockNo= 4). UTxO state was added to the end.
Slot 00005: Wd3eddd0: InsertionSuccess: New tip is Tip(slot= Slot 5, blockId= BlockId(6277882896174388489), blockNo= 4). UTxO state was added to the end.
Slot 00005: SlotAdd Slot 6
Slot 00006: W1bc5f27: InsertionSuccess: New tip is Tip(slot= Slot 6, blockId= BlockId(-3750763034362895579), blockNo= 5). UTxO state was added to the end.
Slot 00006: W3a47782: InsertionSuccess: New tip is Tip(slot= Slot 6, blockId= BlockId(-3750763034362895579), blockNo= 5). UTxO state was added to the end.
Slot 00006: W4e76ce6: InsertionSuccess: New tip is Tip(slot= Slot 6, blockId= BlockId(-3750763034362895579), blockNo= 5). UTxO state was added to the end.
Slot 00006: W5f5a4f5: InsertionSuccess: New tip is Tip(slot= Slot 6, blockId= BlockId(-3750763034362895579), blockNo= 5). UTxO state was added to the end.
Slot 00006: W7ce812d: InsertionSuccess: New tip is Tip(slot= Slot 6, blockId= BlockId(-3750763034362895579), blockNo= 5). UTxO state was added to the end.
Slot 00006: W872cb83: InsertionSuccess: New tip is Tip(slot= Slot 6, blockId= BlockId(-3750763034362895579), blockNo= 5). UTxO state was added to the end.
Slot 00006: Wbdf8dbc: InsertionSuccess: New tip is Tip(slot= Slot 6, blockId= BlockId(-3750763034362895579), blockNo= 5). UTxO state was added to the end.
Slot 00006: Wc19599f: InsertionSuccess: New tip is Tip(slot= Slot 6, blockId= BlockId(-3750763034362895579), blockNo= 5). UTxO state was added to the end.
Slot 00006: Wc30efb7: InsertionSuccess: New tip is Tip(slot= Slot 6, blockId= BlockId(-3750763034362895579), blockNo= 5). UTxO state was added to the end.
Slot 00006: Wd3eddd0: InsertionSuccess: New tip is Tip(slot= Slot 6, blockId= BlockId(-3750763034362895579), blockNo= 5). UTxO state was added to the end.
Final balances
Wallet 1bc5f27d7b4e20083977418e839e429d00cc87f3: 
    {, ""}: 100000000
Wallet 3a4778247ad35117d7c3150d194da389f3148f4a: 
    {, ""}: 100000000
Wallet 4e76ce6b3f12c6cc5a6a2545f6770d2bcb360648: 
    {, ""}: 100000000
Wallet 5f5a4f5f465580a5500b9a9cede7f4e014a37ea8: 
    {, ""}: 100000000
Wallet 7ce812d7a4770bbf58004067665c3a48f28ddd58: 
    {, ""}: 99999699
Wallet 872cb83b5ee40eb23bfdab1772660c822a48d491: 
    {, ""}: 99999434
Wallet bdf8dbca0cadeb365480c6ec29ec746a2b85274f: 
    {, ""}: 100000000
Wallet c19599f22890ced15c6a87222302109e83b78bdf: 
    {, ""}: 100000000
Wallet c30efb78b4e272685c1f9f0c93787fd4b6743154: 
    {, ""}: 99999699
Wallet d3eddd0d37989746b029a0e050386bc425363901: 
    {, ""}: 100000000
