Slot 00000: TxnValidate ef0ca0fb043642529818003be5a6cac88aac499e4f8f1cbc3bdb35db2b7f6958
Slot 00000: SlotAdd Slot 1
Slot 00001: W1bc5f27: InsertionSuccess: New tip is Tip(Slot 1, BlockId 3c376d383360ddc44271308f02ddb2a12f1cef21beb994afca459a5b1adeb877, BlockNumber 0). UTxO state was added to the end.
Slot 00001: W3a47782: InsertionSuccess: New tip is Tip(Slot 1, BlockId 3c376d383360ddc44271308f02ddb2a12f1cef21beb994afca459a5b1adeb877, BlockNumber 0). UTxO state was added to the end.
Slot 00001: W4e76ce6: InsertionSuccess: New tip is Tip(Slot 1, BlockId 3c376d383360ddc44271308f02ddb2a12f1cef21beb994afca459a5b1adeb877, BlockNumber 0). UTxO state was added to the end.
Slot 00001: W5f5a4f5: InsertionSuccess: New tip is Tip(Slot 1, BlockId 3c376d383360ddc44271308f02ddb2a12f1cef21beb994afca459a5b1adeb877, BlockNumber 0). UTxO state was added to the end.
Slot 00001: W7ce812d: InsertionSuccess: New tip is Tip(Slot 1, BlockId 3c376d383360ddc44271308f02ddb2a12f1cef21beb994afca459a5b1adeb877, BlockNumber 0). UTxO state was added to the end.
Slot 00001: W872cb83: InsertionSuccess: New tip is Tip(Slot 1, BlockId 3c376d383360ddc44271308f02ddb2a12f1cef21beb994afca459a5b1adeb877, BlockNumber 0). UTxO state was added to the end.
Slot 00001: Wbdf8dbc: InsertionSuccess: New tip is Tip(Slot 1, BlockId 3c376d383360ddc44271308f02ddb2a12f1cef21beb994afca459a5b1adeb877, BlockNumber 0). UTxO state was added to the end.
Slot 00001: Wc19599f: InsertionSuccess: New tip is Tip(Slot 1, BlockId 3c376d383360ddc44271308f02ddb2a12f1cef21beb994afca459a5b1adeb877, BlockNumber 0). UTxO state was added to the end.
Slot 00001: Wc30efb7: InsertionSuccess: New tip is Tip(Slot 1, BlockId 3c376d383360ddc44271308f02ddb2a12f1cef21beb994afca459a5b1adeb877, BlockNumber 0). UTxO state was added to the end.
Slot 00001: Wd3eddd0: InsertionSuccess: New tip is Tip(Slot 1, BlockId 3c376d383360ddc44271308f02ddb2a12f1cef21beb994afca459a5b1adeb877, BlockNumber 0). UTxO state was added to the end.
Slot 00001: W872cb83: TxSubmit: e2eb2da3beaedc6920508041ecff969882fd8d743cc3a5b686f357f5654f3be2
Slot 00001: TxnValidate e2eb2da3beaedc6920508041ecff969882fd8d743cc3a5b686f357f5654f3be2
Slot 00001: SlotAdd Slot 2
Slot 00002: W1bc5f27: InsertionSuccess: New tip is Tip(Slot 2, BlockId fdfef30782bd18511142de23406190075aaf9ad8b887fc8b2aef6e871fb9086b, BlockNumber 1). UTxO state was added to the end.
Slot 00002: W3a47782: InsertionSuccess: New tip is Tip(Slot 2, BlockId fdfef30782bd18511142de23406190075aaf9ad8b887fc8b2aef6e871fb9086b, BlockNumber 1). UTxO state was added to the end.
Slot 00002: W4e76ce6: InsertionSuccess: New tip is Tip(Slot 2, BlockId fdfef30782bd18511142de23406190075aaf9ad8b887fc8b2aef6e871fb9086b, BlockNumber 1). UTxO state was added to the end.
Slot 00002: W5f5a4f5: InsertionSuccess: New tip is Tip(Slot 2, BlockId fdfef30782bd18511142de23406190075aaf9ad8b887fc8b2aef6e871fb9086b, BlockNumber 1). UTxO state was added to the end.
Slot 00002: W7ce812d: InsertionSuccess: New tip is Tip(Slot 2, BlockId fdfef30782bd18511142de23406190075aaf9ad8b887fc8b2aef6e871fb9086b, BlockNumber 1). UTxO state was added to the end.
Slot 00002: W872cb83: InsertionSuccess: New tip is Tip(Slot 2, BlockId fdfef30782bd18511142de23406190075aaf9ad8b887fc8b2aef6e871fb9086b, BlockNumber 1). UTxO state was added to the end.
Slot 00002: Wbdf8dbc: InsertionSuccess: New tip is Tip(Slot 2, BlockId fdfef30782bd18511142de23406190075aaf9ad8b887fc8b2aef6e871fb9086b, BlockNumber 1). UTxO state was added to the end.
Slot 00002: Wc19599f: InsertionSuccess: New tip is Tip(Slot 2, BlockId fdfef30782bd18511142de23406190075aaf9ad8b887fc8b2aef6e871fb9086b, BlockNumber 1). UTxO state was added to the end.
Slot 00002: Wc30efb7: InsertionSuccess: New tip is Tip(Slot 2, BlockId fdfef30782bd18511142de23406190075aaf9ad8b887fc8b2aef6e871fb9086b, BlockNumber 1). UTxO state was added to the end.
Slot 00002: Wd3eddd0: InsertionSuccess: New tip is Tip(Slot 2, BlockId fdfef30782bd18511142de23406190075aaf9ad8b887fc8b2aef6e871fb9086b, BlockNumber 1). UTxO state was added to the end.
Slot 00002: W7ce812d: TxSubmit: c6c42ff9416613600eae84b05b6e868ca20957816986d167d680e61f65444b01
Slot 00002: TxnValidate c6c42ff9416613600eae84b05b6e868ca20957816986d167d680e61f65444b01
Slot 00002: SlotAdd Slot 3
Slot 00003: W1bc5f27: InsertionSuccess: New tip is Tip(Slot 3, BlockId f1e2b1826a79c2f6961f4478ea1c09a6f86bae7c242a876d06f0cca096f0ce58, BlockNumber 2). UTxO state was added to the end.
Slot 00003: W3a47782: InsertionSuccess: New tip is Tip(Slot 3, BlockId f1e2b1826a79c2f6961f4478ea1c09a6f86bae7c242a876d06f0cca096f0ce58, BlockNumber 2). UTxO state was added to the end.
Slot 00003: W4e76ce6: InsertionSuccess: New tip is Tip(Slot 3, BlockId f1e2b1826a79c2f6961f4478ea1c09a6f86bae7c242a876d06f0cca096f0ce58, BlockNumber 2). UTxO state was added to the end.
Slot 00003: W5f5a4f5: InsertionSuccess: New tip is Tip(Slot 3, BlockId f1e2b1826a79c2f6961f4478ea1c09a6f86bae7c242a876d06f0cca096f0ce58, BlockNumber 2). UTxO state was added to the end.
Slot 00003: W7ce812d: InsertionSuccess: New tip is Tip(Slot 3, BlockId f1e2b1826a79c2f6961f4478ea1c09a6f86bae7c242a876d06f0cca096f0ce58, BlockNumber 2). UTxO state was added to the end.
Slot 00003: W872cb83: InsertionSuccess: New tip is Tip(Slot 3, BlockId f1e2b1826a79c2f6961f4478ea1c09a6f86bae7c242a876d06f0cca096f0ce58, BlockNumber 2). UTxO state was added to the end.
Slot 00003: Wbdf8dbc: InsertionSuccess: New tip is Tip(Slot 3, BlockId f1e2b1826a79c2f6961f4478ea1c09a6f86bae7c242a876d06f0cca096f0ce58, BlockNumber 2). UTxO state was added to the end.
Slot 00003: Wc19599f: InsertionSuccess: New tip is Tip(Slot 3, BlockId f1e2b1826a79c2f6961f4478ea1c09a6f86bae7c242a876d06f0cca096f0ce58, BlockNumber 2). UTxO state was added to the end.
Slot 00003: Wc30efb7: InsertionSuccess: New tip is Tip(Slot 3, BlockId f1e2b1826a79c2f6961f4478ea1c09a6f86bae7c242a876d06f0cca096f0ce58, BlockNumber 2). UTxO state was added to the end.
Slot 00003: Wd3eddd0: InsertionSuccess: New tip is Tip(Slot 3, BlockId f1e2b1826a79c2f6961f4478ea1c09a6f86bae7c242a876d06f0cca096f0ce58, BlockNumber 2). UTxO state was added to the end.
Slot 00003: Wc30efb7: TxSubmit: 8688aef1725c0425868967ac5c2023bca6b81bc494b1dea6b9f7892d908acc84
Slot 00003: TxnValidate 8688aef1725c0425868967ac5c2023bca6b81bc494b1dea6b9f7892d908acc84
Slot 00003: SlotAdd Slot 4
Slot 00004: W1bc5f27: InsertionSuccess: New tip is Tip(Slot 4, BlockId 585a4c3a56487ff1d1aed70594fca8df14d54f6ab7f4fbef30e0bba199ce67bb, BlockNumber 3). UTxO state was added to the end.
Slot 00004: W3a47782: InsertionSuccess: New tip is Tip(Slot 4, BlockId 585a4c3a56487ff1d1aed70594fca8df14d54f6ab7f4fbef30e0bba199ce67bb, BlockNumber 3). UTxO state was added to the end.
Slot 00004: W4e76ce6: InsertionSuccess: New tip is Tip(Slot 4, BlockId 585a4c3a56487ff1d1aed70594fca8df14d54f6ab7f4fbef30e0bba199ce67bb, BlockNumber 3). UTxO state was added to the end.
Slot 00004: W5f5a4f5: InsertionSuccess: New tip is Tip(Slot 4, BlockId 585a4c3a56487ff1d1aed70594fca8df14d54f6ab7f4fbef30e0bba199ce67bb, BlockNumber 3). UTxO state was added to the end.
Slot 00004: W7ce812d: InsertionSuccess: New tip is Tip(Slot 4, BlockId 585a4c3a56487ff1d1aed70594fca8df14d54f6ab7f4fbef30e0bba199ce67bb, BlockNumber 3). UTxO state was added to the end.
Slot 00004: W872cb83: InsertionSuccess: New tip is Tip(Slot 4, BlockId 585a4c3a56487ff1d1aed70594fca8df14d54f6ab7f4fbef30e0bba199ce67bb, BlockNumber 3). UTxO state was added to the end.
Slot 00004: Wbdf8dbc: InsertionSuccess: New tip is Tip(Slot 4, BlockId 585a4c3a56487ff1d1aed70594fca8df14d54f6ab7f4fbef30e0bba199ce67bb, BlockNumber 3). UTxO state was added to the end.
Slot 00004: Wc19599f: InsertionSuccess: New tip is Tip(Slot 4, BlockId 585a4c3a56487ff1d1aed70594fca8df14d54f6ab7f4fbef30e0bba199ce67bb, BlockNumber 3). UTxO state was added to the end.
Slot 00004: Wc30efb7: InsertionSuccess: New tip is Tip(Slot 4, BlockId 585a4c3a56487ff1d1aed70594fca8df14d54f6ab7f4fbef30e0bba199ce67bb, BlockNumber 3). UTxO state was added to the end.
Slot 00004: Wd3eddd0: InsertionSuccess: New tip is Tip(Slot 4, BlockId 585a4c3a56487ff1d1aed70594fca8df14d54f6ab7f4fbef30e0bba199ce67bb, BlockNumber 3). UTxO state was added to the end.
Slot 00004: SlotAdd Slot 5
Slot 00005: W1bc5f27: InsertionSuccess: New tip is Tip(Slot 5, BlockId 76be8b528d0075f7aae98d6fa57a6d3c83ae480a8469e668d7b0af968995ac71, BlockNumber 4). UTxO state was added to the end.
Slot 00005: W3a47782: InsertionSuccess: New tip is Tip(Slot 5, BlockId 76be8b528d0075f7aae98d6fa57a6d3c83ae480a8469e668d7b0af968995ac71, BlockNumber 4). UTxO state was added to the end.
Slot 00005: W4e76ce6: InsertionSuccess: New tip is Tip(Slot 5, BlockId 76be8b528d0075f7aae98d6fa57a6d3c83ae480a8469e668d7b0af968995ac71, BlockNumber 4). UTxO state was added to the end.
Slot 00005: W5f5a4f5: InsertionSuccess: New tip is Tip(Slot 5, BlockId 76be8b528d0075f7aae98d6fa57a6d3c83ae480a8469e668d7b0af968995ac71, BlockNumber 4). UTxO state was added to the end.
Slot 00005: W7ce812d: InsertionSuccess: New tip is Tip(Slot 5, BlockId 76be8b528d0075f7aae98d6fa57a6d3c83ae480a8469e668d7b0af968995ac71, BlockNumber 4). UTxO state was added to the end.
Slot 00005: W872cb83: InsertionSuccess: New tip is Tip(Slot 5, BlockId 76be8b528d0075f7aae98d6fa57a6d3c83ae480a8469e668d7b0af968995ac71, BlockNumber 4). UTxO state was added to the end.
Slot 00005: Wbdf8dbc: InsertionSuccess: New tip is Tip(Slot 5, BlockId 76be8b528d0075f7aae98d6fa57a6d3c83ae480a8469e668d7b0af968995ac71, BlockNumber 4). UTxO state was added to the end.
Slot 00005: Wc19599f: InsertionSuccess: New tip is Tip(Slot 5, BlockId 76be8b528d0075f7aae98d6fa57a6d3c83ae480a8469e668d7b0af968995ac71, BlockNumber 4). UTxO state was added to the end.
Slot 00005: Wc30efb7: InsertionSuccess: New tip is Tip(Slot 5, BlockId 76be8b528d0075f7aae98d6fa57a6d3c83ae480a8469e668d7b0af968995ac71, BlockNumber 4). UTxO state was added to the end.
Slot 00005: Wd3eddd0: InsertionSuccess: New tip is Tip(Slot 5, BlockId 76be8b528d0075f7aae98d6fa57a6d3c83ae480a8469e668d7b0af968995ac71, BlockNumber 4). UTxO state was added to the end.
Final balances
Wallet 1bc5f27d7b4e20083977418e839e429d00cc87f3: 
    {, ""}: 100000000
Wallet 3a4778247ad35117d7c3150d194da389f3148f4a: 
    {, ""}: 100000000
Wallet 4e76ce6b3f12c6cc5a6a2545f6770d2bcb360648: 
    {, ""}: 100000000
Wallet 5f5a4f5f465580a5500b9a9cede7f4e014a37ea8: 
    {, ""}: 100000000
Wallet 7ce812d7a4770bbf58004067665c3a48f28ddd58: 
    {, ""}: 99999495
Wallet 872cb83b5ee40eb23bfdab1772660c822a48d491: 
    {, ""}: 99999630
Wallet bdf8dbca0cadeb365480c6ec29ec746a2b85274f: 
    {, ""}: 100000000
Wallet c19599f22890ced15c6a87222302109e83b78bdf: 
    {, ""}: 100000000
Wallet c30efb78b4e272685c1f9f0c93787fd4b6743154: 
    {, ""}: 99999495
Wallet d3eddd0d37989746b029a0e050386bc425363901: 
    {, ""}: 100000000
